[demo.w3layouts.com/demos_new/template_demo/07-03-2018/cat_life-demo_Free/167698080/web/index.html]
[backblue.gif]
[fade.gif]
[index.html]
[demo.w3layouts.com/demos_new/template_demo/07-03-2018/cat_life-demo_Free/167698080/web/css/bootstrap.css]
[demo.w3layouts.com/demos_new/template_demo/07-03-2018/cat_life-demo_Free/167698080/web/css/font-awesome.css]
[demo.w3layouts.com/demos_new/template_demo/07-03-2018/cat_life-demo_Free/167698080/web/css/owl.carousel.css]
[demo.w3layouts.com/demos_new/template_demo/07-03-2018/cat_life-demo_Free/167698080/web/css/style.css]
[m.servedby-buysellads.com/monetization.js]
[demo.w3layouts.com/js/autotrack.js]
[demo.w3layouts.com/assests/css/font-awesome.min.css]
[demo.w3layouts.com/demos_new/template_demo/07-03-2018/cat_life-demo_Free/167698080/web/images/logo.png]
[demo.w3layouts.com/demos_new/template_demo/07-03-2018/cat_life-demo_Free/167698080/web/images/ab.jpg]
[demo.w3layouts.com/demos_new/template_demo/07-03-2018/cat_life-demo_Free/167698080/web/images/m1.jpg]
[demo.w3layouts.com/demos_new/template_demo/07-03-2018/cat_life-demo_Free/167698080/web/images/m2.jpg]
[demo.w3layouts.com/demos_new/template_demo/07-03-2018/cat_life-demo_Free/167698080/web/images/m3.jpg]
[demo.w3layouts.com/demos_new/template_demo/07-03-2018/cat_life-demo_Free/167698080/web/images/m4.jpg]
[demo.w3layouts.com/demos_new/template_demo/07-03-2018/cat_life-demo_Free/167698080/web/images/m5.jpg]
[demo.w3layouts.com/demos_new/template_demo/07-03-2018/cat_life-demo_Free/167698080/web/images/m6.jpg]
[demo.w3layouts.com/demos_new/template_demo/07-03-2018/cat_life-demo_Free/167698080/web/images/c1.jpg]
[demo.w3layouts.com/demos_new/template_demo/07-03-2018/cat_life-demo_Free/167698080/web/images/c2.jpg]
[demo.w3layouts.com/demos_new/template_demo/07-03-2018/cat_life-demo_Free/167698080/web/images/c3.jpg]
[demo.w3layouts.com/demos_new/template_demo/07-03-2018/cat_life-demo_Free/167698080/web/images/c4.jpg]
[demo.w3layouts.com/demos_new/template_demo/07-03-2018/cat_life-demo_Free/167698080/web/images/c5.jpg]
[demo.w3layouts.com/demos_new/template_demo/07-03-2018/cat_life-demo_Free/167698080/web/images/c6.jpg]
[demo.w3layouts.com/demos_new/template_demo/07-03-2018/cat_life-demo_Free/167698080/web/images/cat11.png]
[demo.w3layouts.com/demos_new/template_demo/07-03-2018/cat_life-demo_Free/167698080/web/images/cat1.png]
[demo.w3layouts.com/demos_new/template_demo/07-03-2018/cat_life-demo_Free/167698080/web/images/cat2.png]
[demo.w3layouts.com/demos_new/template_demo/07-03-2018/cat_life-demo_Free/167698080/web/images/g2.jpg]
[demo.w3layouts.com/demos_new/template_demo/07-03-2018/cat_life-demo_Free/167698080/web/images/t1.jpg]
[demo.w3layouts.com/demos_new/template_demo/07-03-2018/cat_life-demo_Free/167698080/web/images/t2.jpg]
[demo.w3layouts.com/demos_new/template_demo/07-03-2018/cat_life-demo_Free/167698080/web/images/t3.jpg]
[demo.w3layouts.com/demos_new/template_demo/07-03-2018/cat_life-demo_Free/167698080/web/images/t4.jpg]
[demo.w3layouts.com/demos_new/template_demo/07-03-2018/cat_life-demo_Free/167698080/web/images/g3.jpg]
[demo.w3layouts.com/demos_new/template_demo/07-03-2018/cat_life-demo_Free/167698080/web/images/f1.jpg]
[demo.w3layouts.com/demos_new/template_demo/07-03-2018/cat_life-demo_Free/167698080/web/images/f2.jpg]
[demo.w3layouts.com/demos_new/template_demo/07-03-2018/cat_life-demo_Free/167698080/web/images/f3.jpg]
[demo.w3layouts.com/demos_new/template_demo/07-03-2018/cat_life-demo_Free/167698080/web/images/f4.jpg]
[demo.w3layouts.com/demos_new/template_demo/07-03-2018/cat_life-demo_Free/167698080/web/images/f5.jpg]
[demo.w3layouts.com/demos_new/template_demo/07-03-2018/cat_life-demo_Free/167698080/web/images/f6.jpg]
[demo.w3layouts.com/demos_new/template_demo/07-03-2018/cat_life-demo_Free/167698080/web/js/jquery-2.2.3.min.js]
[demo.w3layouts.com/demos_new/template_demo/07-03-2018/cat_life-demo_Free/167698080/web/js/bootstrap.js]
[demo.w3layouts.com/demos_new/template_demo/07-03-2018/cat_life-demo_Free/167698080/web/js/responsiveslides.min.js]
[demo.w3layouts.com/demos_new/template_demo/07-03-2018/cat_life-demo_Free/167698080/web/js/simple-lightbox.min.js]
[demo.w3layouts.com/demos_new/template_demo/07-03-2018/cat_life-demo_Free/167698080/web/css/simplelightbox.min.css]
[demo.w3layouts.com/demos_new/template_demo/07-03-2018/cat_life-demo_Free/167698080/web/js/SmoothScroll.min.js]
[demo.w3layouts.com/demos_new/template_demo/07-03-2018/cat_life-demo_Free/167698080/web/js/move-top.js]
[demo.w3layouts.com/demos_new/template_demo/07-03-2018/cat_life-demo_Free/167698080/web/js/easing.js]
[demo.w3layouts.com/demos_new/template_demo/07-03-2018/cat_life-demo_Free/167698080/web/js/owl.carousel.js]
[demo.w3layouts.com/demos_new/template_demo/07-03-2018/cat_life-demo_Free/167698080/web/index.html]
[demo.w3layouts.com/demos_new/template_demo/07-03-2018/cat_life-demo_Free/167698080/web/fonts/glyphicons-halflings-regular.eot]
[a.vdo.ai/core/v-w3layouts/vdo.ai.js]
[demo.w3layouts.com/demos_new/template_demo/07-03-2018/cat_life-demo_Free/167698080/web/fonts/glyphicons-halflings-regulard41d.eot]
[demo.w3layouts.com/demos_new/template_demo/07-03-2018/cat_life-demo_Free/167698080/web/fonts/glyphicons-halflings-regular.woff2]
[demo.w3layouts.com/demos_new/template_demo/07-03-2018/cat_life-demo_Free/167698080/web/fonts/glyphicons-halflings-regular.woff]
[demo.w3layouts.com/demos_new/template_demo/07-03-2018/cat_life-demo_Free/167698080/web/fonts/glyphicons-halflings-regular.ttf]
[demo.w3layouts.com/demos_new/template_demo/07-03-2018/cat_life-demo_Free/167698080/web/fonts/glyphicons-halflings-regular.svg]
[demo.w3layouts.com/demos_new/template_demo/07-03-2018/cat_life-demo_Free/167698080/web/css/bootstrap.css]
[demo.w3layouts.com/demos_new/template_demo/07-03-2018/cat_life-demo_Free/167698080/web/fonts/fontawesome-webfont5b62.woff2]
[demo.w3layouts.com/demos_new/template_demo/07-03-2018/cat_life-demo_Free/167698080/web/fonts/fontawesome-webfont5b62.woff]
[demo.w3layouts.com/demos_new/template_demo/07-03-2018/cat_life-demo_Free/167698080/web/fonts/fontawesome-webfontd41d.eot]
[demo.w3layouts.com/demos_new/template_demo/07-03-2018/cat_life-demo_Free/167698080/web/fonts/fontawesome-webfont5b62.eot]
[demo.w3layouts.com/demos_new/template_demo/07-03-2018/cat_life-demo_Free/167698080/web/fonts/fontawesome-webfont5b62.ttf]
[demo.w3layouts.com/demos_new/template_demo/07-03-2018/cat_life-demo_Free/167698080/web/css/font-awesome.css]
[demo.w3layouts.com/demos_new/template_demo/07-03-2018/cat_life-demo_Free/167698080/web/fonts/fontawesome-webfont5b62.svg]
[demo.w3layouts.com/demos_new/template_demo/07-03-2018/cat_life-demo_Free/167698080/web/images/divice-pagenations.png]
[demo.w3layouts.com/demos_new/template_demo/07-03-2018/cat_life-demo_Free/167698080/web/css/AjaxLoader.gif]
[demo.w3layouts.com/demos_new/template_demo/07-03-2018/cat_life-demo_Free/167698080/web/css/grabbing.png]
[demo.w3layouts.com/demos_new/template_demo/07-03-2018/cat_life-demo_Free/167698080/web/css/owl.carousel.css]
[demo.w3layouts.com/demos_new/template_demo/07-03-2018/cat_life-demo_Free/167698080/web/images/1.jpg]
[demo.w3layouts.com/demos_new/template_demo/07-03-2018/cat_life-demo_Free/167698080/web/images/2.jpg]
[demo.w3layouts.com/demos_new/template_demo/07-03-2018/cat_life-demo_Free/167698080/web/images/3.jpg]
[demo.w3layouts.com/demos_new/template_demo/07-03-2018/cat_life-demo_Free/167698080/web/images/4.jpg]
[demo.w3layouts.com/demos_new/template_demo/07-03-2018/cat_life-demo_Free/167698080/web/images/arrows.png]
[demo.w3layouts.com/demos_new/template_demo/07-03-2018/cat_life-demo_Free/167698080/web/images/bg.jpg]
[demo.w3layouts.com/demos_new/template_demo/07-03-2018/cat_life-demo_Free/167698080/web/images/bg3.jpg]
[demo.w3layouts.com/demos_new/template_demo/07-03-2018/cat_life-demo_Free/167698080/web/images/move-up.png]
[demo.w3layouts.com/demos_new/template_demo/07-03-2018/cat_life-demo_Free/167698080/web/css/style.css]
[demo.w3layouts.com/assests/css/font-awesome.min.css]
[demo.w3layouts.com/demos_new/template_demo/07-03-2018/cat_life-demo_Free/167698080/web/css/simplelightbox.min.css]
[demo.w3layouts.com/demos_new/template_demo/07-03-2018/cat_life-demo_Free/167698080/web/fonts/glyphicons-halflings-regular.html]
[demo.w3layouts.com/demos_new/template_demo/07-03-2018/cat_life-demo_Free/167698080/web/fonts/glyphicons-halflings-regulard41d.html]
[demo.w3layouts.com/demos_new/template_demo/07-03-2018/cat_life-demo_Free/167698080/web/fonts/glyphicons-halflings-regular-2.html]
[demo.w3layouts.com/demos_new/template_demo/07-03-2018/cat_life-demo_Free/167698080/web/fonts/glyphicons-halflings-regular-3.html]
[demo.w3layouts.com/demos_new/template_demo/07-03-2018/cat_life-demo_Free/167698080/web/fonts/fontawesome-webfont5b62.svg]
[demo.w3layouts.com/demos_new/template_demo/07-03-2018/cat_life-demo_Free/167698080/web/images/divice-pagenations.html]
[demo.w3layouts.com/demos_new/template_demo/07-03-2018/cat_life-demo_Free/167698080/web/css/AjaxLoader.html]
[demo.w3layouts.com/demos_new/template_demo/07-03-2018/cat_life-demo_Free/167698080/web/css/grabbing.html]
